../Core/Src/can.c:77:21:find_param_by_id	24	static
../Core/Src/can.c:97:26:send_can_message	16	static
../Core/Src/can.c:110:6:heartbeat_loop	8	static
../Core/Src/can.c:133:6:sw3_can_set_third_party_callback	16	static
../Core/Src/can.c:143:6:sw3_can_set_gv_commands_callback	16	static
../Core/Src/can.c:153:6:sw3_can_set_shared_params_callback	16	static
../Core/Src/can.c:160:6:sw3_can_set_gv_params_callback	16	static
../Core/Src/can.c:173:6:sw3_can_interrupt_handler	56	static
../Core/Src/can.c:298:6:HAL_CAN_RxFifo0MsgPendingCallback	16	static
../Core/Src/can.c:306:6:sw3_can_error_handler	24	static
../Core/Src/can.c:330:6:sw3_can_init	56	static
../Core/Src/can.c:384:6:sw3_can_loop	16	static
../Core/Src/can.c:438:6:sw3_set_param_mode	16	static
../Core/Src/can.c:448:5:sw3_force_send	16	static
