../Core/Src/main.c:85:6:gv_commands_callback	16	static
../Core/Src/main.c:95:6:gv_params_callback	16	static
../Core/Src/main.c:108:5:main	8	static
../Core/Src/main.c:177:6:SystemClock_Config	88	static
../Core/Src/main.c:224:13:MX_CAN1_Init	48	static
../Core/Src/main.c:274:13:MX_TIM2_Init	40	static
../Core/Src/main.c:319:13:MX_TIM3_Init	40	static
../Core/Src/main.c:364:13:MX_GPIO_Init	48	static
../Core/Src/main.c:406:6:MPU_Config	24	static
../Core/Src/main.c:437:6:Error_Handler	4	static,ignoring_inline_asm
