../Core/Src/can.c:76:21:find_param_by_id	24	static
../Core/Src/can.c:96:26:send_can_message	16	static
../Core/Src/can.c:107:6:heartbeat_loop	8	static
../Core/Src/can.c:130:6:sw3_can_set_third_party_callback	16	static
../Core/Src/can.c:140:6:sw3_can_set_gv_commands_callback	16	static
../Core/Src/can.c:150:6:sw3_can_set_shared_params_callback	16	static
../Core/Src/can.c:162:6:sw3_can_interrupt_handler	56	static
../Core/Src/can.c:285:6:HAL_CAN_RxFifo0MsgPendingCallback	16	static
../Core/Src/can.c:292:6:sw3_can_error_handler	24	static
../Core/Src/can.c:316:6:sw3_can_init	56	static
../Core/Src/can.c:371:6:sw3_can_loop	16	static
