21:49:30 **** Incremental Build of configuration Debug for project Recieve ****
make -j22 all 
arm-none-eabi-size  Recieve.elf 
   text	   data	    bss	    dec	    hex	filename
  14656	     64	   1960	  16680	   4128	Recieve.elf
Finished building: default.size.stdout
 
21:49:53 **** Incremental Build of configuration Debug for project Template ****
make -j22 all 
arm-none-eabi-size  Template.elf 
   text	   data	    bss	    dec	    hex	filename
  14664	     64	   1960	  16688	   4130	Template.elf
Finished building: default.size.stdout
 
