21:15:51 **** Incremental Build of configuration Debug for project Template ****
make -j22 all 
arm-none-eabi-gcc "../Core/Src/can.c" -mcpu=cortex-m7 -std=gnu11 -g3 -DDEBUG -DUSE_HAL_DRIVER -DSTM32F767xx -c -I../Core/Inc -I../Drivers/STM32F7xx_HAL_Driver/Inc -I../Drivers/STM32F7xx_HAL_Driver/Inc/Legacy -I../Drivers/CMSIS/Device/ST/STM32F7xx/Include -I../Drivers/CMSIS/Include -O0 -ffunction-sections -fdata-sections -Wall -fstack-usage -fcyclomatic-complexity -MMD -MP -MF"Core/Src/can.d" -MT"Core/Src/can.o" --specs=nano.specs -mfpu=fpv5-d16 -mfloat-abi=hard -mthumb -o "Core/Src/can.o"
arm-none-eabi-gcc -o "Template.elf" @"objects.list"   -mcpu=cortex-m7 -T"C:\Users\corre\coding\Software-3\Template\STM32F767ZITX_FLASH.ld" --specs=nosys.specs -Wl,-Map="Template.map" -Wl,--gc-sections -static --specs=nano.specs -mfpu=fpv5-d16 -mfloat-abi=hard -mthumb -Wl,--start-group -lc -lm -Wl,--end-group
Finished building target: Template.elf
 
arm-none-eabi-size  Template.elf 
arm-none-eabi-objdump -h -S Template.elf  > "Template.list"
   text	   data	    bss	    dec	    hex	filename
  14564	     64	   1960	  16588	   40cc	Template.elf
Finished building: default.size.stdout
 
Finished building: Template.list
 

21:15:53 Build Finished. 0 errors, 0 warnings. (took 1s.695ms)

